// Jest Snapshot v1, https://goo.gl/fbAQLP

exports[`Snapshot should take a snapshot 1`] = `
<DocumentFragment>
  <div
    class="css-1pv4q05"
  >
    <div
      class="css-2j8non"
    >
      <div
        class="loader"
      >
        Loading...
      </div>
    </div>
  </div>
</DocumentFragment>
`;
