// Jest Snapshot v1, https://goo.gl/fbAQLP

exports[`Snapshot should take a snapshot 1`] = `
<DocumentFragment>
  <div
    class="css-1apad05"
    justify="center"
  >
    <div
      class="chakra-stack chakra-container css-1xqezda"
    >
      <p
        class="chakra-text css-0"
      >
        Andras
      </p>
      <div
        class="chakra-stack css-57svvl"
      />
    </div>
  </div>
</DocumentFragment>
`;
